<html>
<body>
<pre>
<h1>µVision Build Log</h1>
<h2>Tool Versions:</h2>
IDE-Version: µVision V5.25.2.0
Copyright (C) 2018 ARM Ltd and ARM Germany GmbH. All rights reserved.
License Information: Antun Skuric, FER, LIC=----
 
Tool Versions:
Toolchain:       MDK-Lite  Version: 5.25.2.0
Toolchain Path:  C:\Keil_v5\ARM\ARMCC\Bin
C Compiler:      Armcc.exe V5.06 update 6 (build 750)
Assembler:       Armasm.exe V5.06 update 6 (build 750)
Linker/Locator:  ArmLink.exe V5.06 update 6 (build 750)
Library Manager: ArmAr.exe V5.06 update 6 (build 750)
Hex Converter:   FromElf.exe V5.06 update 6 (build 750)
CPU DLL:         SARMCM3.DLL V5.25.2.0
Dialog DLL:      DCM.DLL V1.17.1.0
Target DLL:      STLink\ST-LINKIII-KEIL_SWO.dll V3.0.1.0
Dialog DLL:      TCM.DLL V1.35.1.0
 
<h2>Project:</h2>
C:\Users\Gospar\Documents\github\inverted_inertia_pendulum\Keil\MDK-ARM\inverterd_inertia_pendulum.uvprojx
Project File Date:  02/05/2019

<h2>Output:</h2>
*** Using Compiler 'V5.06 update 6 (build 750)', folder: 'C:\Keil_v5\ARM\ARMCC\Bin'
Rebuild target 'inverterd_inertia_pendulum'
assembling startup_stm32f411xe.s...
compiling stm32f4xx_hal_msp.c...
compiling stm32f4xx_it.c...
..\Inc\Pendulum_lib\pendulum.h(79): warning:  #1295-D: Deprecated declaration motor_variables_iter - give arg types
  void motor_variables_iter();
..\Inc\Pendulum_lib\pendulum.h(90): warning:  #1295-D: Deprecated declaration pendulum_variables_iter - give arg types
  void pendulum_variables_iter();
..\Inc\Pendulum_lib\pendulum.h(96): warning:  #1295-D: Deprecated declaration pendulum_LQR - give arg types
  void pendulum_LQR();
..\Inc\Pendulum_lib\pendulum.h(102): warning:  #1295-D: Deprecated declaration pendulum_P - give arg types
  void pendulum_P();
..\Inc\Pendulum_lib\pendulum.h(107): warning:  #1295-D: Deprecated declaration pendulum_swingup - give arg types
  void pendulum_swingup();
..\Inc\Pendulum_lib\pendulum.h(112): warning:  #1295-D: Deprecated declaration pendulum_disable - give arg types
  void pendulum_disable();
..\Inc\Pendulum_lib\pendulum.h(115): warning:  #1-D: last line of file ends without a newline
  #endif /* MOTOR_H */
../Src/stm32f4xx_it.c(42): warning:  #1295-D: Deprecated declaration Controller_SysTick - give arg types
  void Controller_SysTick();
../Src/stm32f4xx_it.c: 8 warnings, 0 errors
compiling main.c...
..\Inc\Pendulum_lib\pendulum.h(79): warning:  #1295-D: Deprecated declaration motor_variables_iter - give arg types
  void motor_variables_iter();
..\Inc\Pendulum_lib\pendulum.h(90): warning:  #1295-D: Deprecated declaration pendulum_variables_iter - give arg types
  void pendulum_variables_iter();
..\Inc\Pendulum_lib\pendulum.h(96): warning:  #1295-D: Deprecated declaration pendulum_LQR - give arg types
  void pendulum_LQR();
..\Inc\Pendulum_lib\pendulum.h(102): warning:  #1295-D: Deprecated declaration pendulum_P - give arg types
  void pendulum_P();
..\Inc\Pendulum_lib\pendulum.h(107): warning:  #1295-D: Deprecated declaration pendulum_swingup - give arg types
  void pendulum_swingup();
..\Inc\Pendulum_lib\pendulum.h(112): warning:  #1295-D: Deprecated declaration pendulum_disable - give arg types
  void pendulum_disable();
..\Inc\Pendulum_lib\pendulum.h(115): warning:  #1-D: last line of file ends without a newline
  #endif /* MOTOR_H */
../Src/main.c: 7 warnings, 0 errors
compiling stm32f4xx_hal_adc_ex.c...
compiling stm32f4xx_hal_adc.c...
compiling stm32f4xx_hal_tim.c...
compiling stm32f4xx_hal_tim_ex.c...
compiling stm32f4xx_hal_rcc.c...
compiling stm32f4xx_hal_rcc_ex.c...
compiling stm32f4xx_hal_flash_ramfunc.c...
compiling stm32f4xx_hal_flash_ex.c...
compiling stm32f4xx_hal_flash.c...
compiling stm32f4xx_hal_dma.c...
compiling stm32f4xx_hal_gpio.c...
compiling stm32f4xx_hal_dma_ex.c...
compiling stm32f4xx_hal_cortex.c...
compiling stm32f4xx_hal_pwr.c...
compiling stm32f4xx_hal_pwr_ex.c...
compiling system_stm32f4xx.c...
compiling stm32f4xx_hal.c...
compiling pendulum.c...
..\Inc\Pendulum_lib\pendulum.h(79): warning:  #1295-D: Deprecated declaration motor_variables_iter - give arg types
  void motor_variables_iter();
..\Inc\Pendulum_lib\pendulum.h(90): warning:  #1295-D: Deprecated declaration pendulum_variables_iter - give arg types
  void pendulum_variables_iter();
..\Inc\Pendulum_lib\pendulum.h(96): warning:  #1295-D: Deprecated declaration pendulum_LQR - give arg types
  void pendulum_LQR();
..\Inc\Pendulum_lib\pendulum.h(102): warning:  #1295-D: Deprecated declaration pendulum_P - give arg types
  void pendulum_P();
..\Inc\Pendulum_lib\pendulum.h(107): warning:  #1295-D: Deprecated declaration pendulum_swingup - give arg types
  void pendulum_swingup();
..\Inc\Pendulum_lib\pendulum.h(112): warning:  #1295-D: Deprecated declaration pendulum_disable - give arg types
  void pendulum_disable();
..\Inc\Pendulum_lib\pendulum.h(115): warning:  #1-D: last line of file ends without a newline
  #endif /* MOTOR_H */
..\Src\Pendulum_lib\pendulum.c(19): warning:  #223-D: function "abs" declared implicitly
  	if(abs(pwm) > PWMmax){
..\Src\Pendulum_lib\pendulum.c(39): warning:  #223-D: function "abs" declared implicitly
  		__HAL_TIM_SET_COMPARE(&htim2,TIM_CHANNEL_3, abs(pwm));
..\Src\Pendulum_lib\pendulum.c(57): warning:  #1035-D: single-precision operand implicitly converted to double-precision
  	dt = (HAL_GetTick() - dt)*1e-3; // elapsed time calculation
..\Src\Pendulum_lib\pendulum.c(72): warning:  #1035-D: single-precision operand implicitly converted to double-precision
  	d_cnt = (dt / (dt + M_WTf))*(d_cnt) + (1 - (dt / (dt + M_WTf)))*d_cnt_1;
..\Src\Pendulum_lib\pendulum.c(72): warning:  #1035-D: single-precision operand implicitly converted to double-precision
  	d_cnt = (dt / (dt + M_WTf))*(d_cnt) + (1 - (dt / (dt + M_WTf)))*d_cnt_1;
..\Src\Pendulum_lib\pendulum.c(95): warning:  #1035-D: single-precision operand implicitly converted to double-precision
  	dt = (HAL_GetTick() - dt)*1e-3; // elapsed time calculation
..\Src\Pendulum_lib\pendulum.c(101): warning:  #223-D: function "abs" declared implicitly
  	if (abs(d_cnt) > CNT_MAX){
..\Src\Pendulum_lib\pendulum.c(92): warning:  #550-D: variable "d_cnt_1"  was set but never used
  	static int cnt_1,real_count,d_cnt_1;
..\Src\Pendulum_lib\pendulum.c(137): warning:  #223-D: function "abs" declared implicitly
  	if(abs((int)uk) > M_Umax) 	uk = uk > 0 ? M_Umax : -M_Umax;
..\Src\Pendulum_lib\pendulum.c(153): warning:  #223-D: function "abs" declared implicitly
  	if(abs((int)uk) > M_Umax) 	uk = uk > 0 ? M_Umax : -M_Umax;
..\Src\Pendulum_lib\pendulum.c(181): warning:  #1035-D: single-precision operand implicitly converted to double-precision
  		if((1.0*pendulum.E_tar) > pendulum.E_tot){ 
..\Src\Pendulum_lib\pendulum.c(184): warning:  #1035-D: single-precision operand implicitly converted to double-precision
  		}else if((1.1*pendulum.E_tar) > pendulum.E_tot){ 
..\Src\Pendulum_lib\pendulum.c(170): warning:  #177-D: variable "E_tar"  was declared but never referenced
  		float E_kin,E_pot,E_tar;
..\Src\Pendulum_lib\pendulum.c: 20 warnings, 0 errors
linking...
Program Size: Code=18530 RO-data=918 RW-data=84 ZI-data=1388  
FromELF: creating hex file...
"inverterd_inertia_pendulum\inverterd_inertia_pendulum.axf" - 0 Error(s), 35 Warning(s).

<h2>Software Packages used:</h2>

Package Vendor: ARM
                http://www.keil.com/pack/ARM.CMSIS.5.4.0.pack
                ARM.CMSIS.5.4.0
                CMSIS (Cortex Microcontroller Software Interface Standard)
   * Component: CORE Version: 5.1.2

Package Vendor: Keil
                http://www.keil.com/pack/Keil.STM32F4xx_DFP.2.6.0.pack
                Keil.STM32F4xx_DFP.2.6.0
                STMicroelectronics STM32F4 Series Device Support, Drivers and Examples

<h2>Collection of Component include folders:</h2>
  .\RTE\_inverterd_inertia_pendulum
  C:\Keil_v5\ARM\PACK\ARM\CMSIS\5.4.0\CMSIS\Core\Include
  C:\Keil_v5\ARM\PACK\Keil\STM32F4xx_DFP\2.6.0\Drivers\CMSIS\Device\ST\STM32F4xx\Include

<h2>Collection of Component Files used:</h2>

   * Component: ARM::CMSIS:CORE:5.1.2
Build Time Elapsed:  00:00:21
</pre>
</body>
</html>
